adyen-payment-service
backoffice-web
checkin-web
db
ferry-gateway
graphql
hangfire
localtunnel
mfa
mollie-payment-service
pdf-service
proxy
ticket-printer
travel-web
